Γû▓ Next.js 16.1.6 (Turbopack)
- Environments: .env.local, .env

  Creating an optimized production build ...
Γ£ô Compiled successfully in 2.1s
  Running TypeScript ...
  Collecting page data using 15 workers ...
  Generating static pages using 15 workers (0/22) ...
  Generating static pages using 15 workers (5/22) 
  Generating static pages using 15 workers (10/22) 
  Generating static pages using 15 workers (16/22) 
Γ£ô Generating static pages using 15 workers (22/22) in 3.4s
  Finalizing page optimization ...

Route (app)
Γöî Γùï /
Γö£ Γùï /_not-found
Γö£ Γùï /admin/events
Γö£ Γùï /admin/registrations
Γö£ ╞Æ /api/admin/events
Γö£ ╞Æ /api/admin/events/[id]
Γö£ ╞Æ /api/admin/registrations
Γö£ ╞Æ /api/auth/callback
Γö£ ╞Æ /api/auth/login
Γö£ ╞Æ /api/auth/logout
Γö£ ╞Æ /api/auth/me
Γö£ ╞Æ /api/auth/signup
Γö£ ╞Æ /api/events
Γö£ ╞Æ /api/events/[id]
Γö£ ╞Æ /api/register
Γö£ ╞Æ /api/seed
Γö£ ╞Æ /api/upload
Γö£ Γùï /bookings
Γö£ Γùï /dashboard
Γö£ Γùï /explore
Γö£ Γùï /login
Γöö Γùï /signup


╞Æ Proxy (Middleware)

Γùï  (Static)   prerendered as static content
╞Æ  (Dynamic)  server-rendered on demand

